// Jest Snapshot v1, https://goo.gl/fbAQLP

exports[`renders learn react link 1`] = `
<DocumentFragment>
  <div>
    <input
      class="search-bar"
      placeholder="search"
      type="text"
    />
    <button
      class="search-bar__button button"
    >
      search
    </button>
  </div>
</DocumentFragment>
`;
